Введите 0, чтобы программа работала со структурой пользователей, а не со структурой, заданной по варианту
Роль: 999 - Время доступа: 3596400
Роль: 998 - Время доступа: 3592800
Роль: 997 - Время доступа: 3589200
Роль: 996 - Время доступа: 3585600
Роль: 995 - Время доступа: 3582000
Роль: 994 - Время доступа: 3578400
Роль: 993 - Время доступа: 3574800
Роль: 992 - Время доступа: 3571200
Роль: 991 - Время доступа: 3567600
Роль: 990 - Время доступа: 3564000
Роль: 989 - Время доступа: 3560400
Роль: 988 - Время доступа: 3556800
Роль: 987 - Время доступа: 3553200
Роль: 986 - Время доступа: 3549600
Роль: 985 - Время доступа: 3546000
Роль: 984 - Время доступа: 3542400
Роль: 983 - Время доступа: 3538800
Роль: 982 - Время доступа: 3535200
Роль: 981 - Время доступа: 3531600
Роль: 980 - Время доступа: 3528000
Роль: 979 - Время доступа: 3524400
Роль: 978 - Время доступа: 3520800
Роль: 977 - Время доступа: 3517200
Роль: 976 - Время доступа: 3513600
Роль: 975 - Время доступа: 3510000
Роль: 974 - Время доступа: 3506400
Роль: 973 - Время доступа: 3502800
Роль: 972 - Время доступа: 3499200
Роль: 971 - Время доступа: 3495600
Роль: 970 - Время доступа: 3492000
Роль: 969 - Время доступа: 3488400
Роль: 968 - Время доступа: 3484800
Роль: 967 - Время доступа: 3481200
Роль: 966 - Время доступа: 3477600
Роль: 965 - Время доступа: 3474000
Роль: 964 - Время доступа: 3470400
Роль: 963 - Время доступа: 3466800
Роль: 962 - Время доступа: 3463200
Роль: 961 - Время доступа: 3459600
Роль: 960 - Время доступа: 3456000
Роль: 959 - Время доступа: 3452400
Роль: 958 - Время доступа: 3448800
Роль: 957 - Время доступа: 3445200
Роль: 956 - Время доступа: 3441600
Роль: 955 - Время доступа: 3438000
Роль: 954 - Время доступа: 3434400
Роль: 953 - Время доступа: 3430800
Роль: 952 - Время доступа: 3427200
Роль: 951 - Время доступа: 3423600
Роль: 950 - Время доступа: 3420000
Роль: 949 - Время доступа: 3416400
Роль: 948 - Время доступа: 3412800
Роль: 947 - Время доступа: 3409200
Роль: 946 - Время доступа: 3405600
Роль: 945 - Время доступа: 3402000
Роль: 944 - Время доступа: 3398400
Роль: 943 - Время доступа: 3394800
Роль: 942 - Время доступа: 3391200
Роль: 941 - Время доступа: 3387600
Роль: 940 - Время доступа: 3384000
Роль: 939 - Время доступа: 3380400
Роль: 938 - Время доступа: 3376800
Роль: 937 - Время доступа: 3373200
Роль: 936 - Время доступа: 3369600
Роль: 935 - Время доступа: 3366000
Роль: 934 - Время доступа: 3362400
Роль: 933 - Время доступа: 3358800
Роль: 932 - Время доступа: 3355200
Роль: 931 - Время доступа: 3351600
Роль: 930 - Время доступа: 3348000
Роль: 929 - Время доступа: 3344400
Роль: 928 - Время доступа: 3340800
Роль: 927 - Время доступа: 3337200
Роль: 926 - Время доступа: 3333600
Роль: 925 - Время доступа: 3330000
Роль: 924 - Время доступа: 3326400
Роль: 923 - Время доступа: 3322800
Роль: 922 - Время доступа: 3319200
Роль: 921 - Время доступа: 3315600
Роль: 920 - Время доступа: 3312000
Роль: 919 - Время доступа: 3308400
Роль: 918 - Время доступа: 3304800
Роль: 917 - Время доступа: 3301200
Роль: 916 - Время доступа: 3297600
Роль: 915 - Время доступа: 3294000
Роль: 914 - Время доступа: 3290400
Роль: 913 - Время доступа: 3286800
Роль: 912 - Время доступа: 3283200
Роль: 911 - Время доступа: 3279600
Роль: 910 - Время доступа: 3276000
Роль: 909 - Время доступа: 3272400
Роль: 908 - Время доступа: 3268800
Роль: 907 - Время доступа: 3265200
Роль: 906 - Время доступа: 3261600
Роль: 905 - Время доступа: 3258000
Роль: 904 - Время доступа: 3254400
Роль: 903 - Время доступа: 3250800
Роль: 902 - Время доступа: 3247200
Роль: 901 - Время доступа: 3243600
Роль: 900 - Время доступа: 3240000
Роль: 899 - Время доступа: 3236400
Роль: 898 - Время доступа: 3232800
Роль: 897 - Время доступа: 3229200
Роль: 896 - Время доступа: 3225600
Роль: 895 - Время доступа: 3222000
Роль: 894 - Время доступа: 3218400
Роль: 893 - Время доступа: 3214800
Роль: 892 - Время доступа: 3211200
Роль: 891 - Время доступа: 3207600
Роль: 890 - Время доступа: 3204000
Роль: 889 - Время доступа: 3200400
Роль: 888 - Время доступа: 3196800
Роль: 887 - Время доступа: 3193200
Роль: 886 - Время доступа: 3189600
Роль: 885 - Время доступа: 3186000
Роль: 884 - Время доступа: 3182400
Роль: 883 - Время доступа: 3178800
Роль: 882 - Время доступа: 3175200
Роль: 881 - Время доступа: 3171600
Роль: 880 - Время доступа: 3168000
Роль: 879 - Время доступа: 3164400
Роль: 878 - Время доступа: 3160800
Роль: 877 - Время доступа: 3157200
Роль: 876 - Время доступа: 3153600
Роль: 875 - Время доступа: 3150000
Роль: 874 - Время доступа: 3146400
Роль: 873 - Время доступа: 3142800
Роль: 872 - Время доступа: 3139200
Роль: 871 - Время доступа: 3135600
Роль: 870 - Время доступа: 3132000
Роль: 869 - Время доступа: 3128400
Роль: 868 - Время доступа: 3124800
Роль: 867 - Время доступа: 3121200
Роль: 866 - Время доступа: 3117600
Роль: 865 - Время доступа: 3114000
Роль: 864 - Время доступа: 3110400
Роль: 863 - Время доступа: 3106800
Роль: 862 - Время доступа: 3103200
Роль: 861 - Время доступа: 3099600
Роль: 860 - Время доступа: 3096000
Роль: 859 - Время доступа: 3092400
Роль: 858 - Время доступа: 3088800
Роль: 857 - Время доступа: 3085200
Роль: 856 - Время доступа: 3081600
Роль: 855 - Время доступа: 3078000
Роль: 854 - Время доступа: 3074400
Роль: 853 - Время доступа: 3070800
Роль: 852 - Время доступа: 3067200
Роль: 851 - Время доступа: 3063600
Роль: 850 - Время доступа: 3060000
Роль: 849 - Время доступа: 3056400
Роль: 848 - Время доступа: 3052800
Роль: 847 - Время доступа: 3049200
Роль: 846 - Время доступа: 3045600
Роль: 845 - Время доступа: 3042000
Роль: 844 - Время доступа: 3038400
Роль: 843 - Время доступа: 3034800
Роль: 842 - Время доступа: 3031200
Роль: 841 - Время доступа: 3027600
Роль: 840 - Время доступа: 3024000
Роль: 839 - Время доступа: 3020400
Роль: 838 - Время доступа: 3016800
Роль: 837 - Время доступа: 3013200
Роль: 836 - Время доступа: 3009600
Роль: 835 - Время доступа: 3006000
Роль: 834 - Время доступа: 3002400
Роль: 833 - Время доступа: 2998800
Роль: 832 - Время доступа: 2995200
Роль: 831 - Время доступа: 2991600
Роль: 830 - Время доступа: 2988000
Роль: 829 - Время доступа: 2984400
Роль: 828 - Время доступа: 2980800
Роль: 827 - Время доступа: 2977200
Роль: 826 - Время доступа: 2973600
Роль: 825 - Время доступа: 2970000
Роль: 824 - Время доступа: 2966400
Роль: 823 - Время доступа: 2962800
Роль: 822 - Время доступа: 2959200
Роль: 821 - Время доступа: 2955600
Роль: 820 - Время доступа: 2952000
Роль: 819 - Время доступа: 2948400
Роль: 818 - Время доступа: 2944800
Роль: 817 - Время доступа: 2941200
Роль: 816 - Время доступа: 2937600
Роль: 815 - Время доступа: 2934000
Роль: 814 - Время доступа: 2930400
Роль: 813 - Время доступа: 2926800
Роль: 812 - Время доступа: 2923200
Роль: 811 - Время доступа: 2919600
Роль: 810 - Время доступа: 2916000
Роль: 809 - Время доступа: 2912400
Роль: 808 - Время доступа: 2908800
Роль: 807 - Время доступа: 2905200
Роль: 806 - Время доступа: 2901600
Роль: 805 - Время доступа: 2898000
Роль: 804 - Время доступа: 2894400
Роль: 803 - Время доступа: 2890800
Роль: 802 - Время доступа: 2887200
Роль: 801 - Время доступа: 2883600
Роль: 800 - Время доступа: 2880000
Роль: 799 - Время доступа: 2876400
Роль: 798 - Время доступа: 2872800
Роль: 797 - Время доступа: 2869200
Роль: 796 - Время доступа: 2865600
Роль: 795 - Время доступа: 2862000
Роль: 794 - Время доступа: 2858400
Роль: 793 - Время доступа: 2854800
Роль: 792 - Время доступа: 2851200
Роль: 791 - Время доступа: 2847600
Роль: 790 - Время доступа: 2844000
Роль: 789 - Время доступа: 2840400
Роль: 788 - Время доступа: 2836800
Роль: 787 - Время доступа: 2833200
Роль: 786 - Время доступа: 2829600
Роль: 785 - Время доступа: 2826000
Роль: 784 - Время доступа: 2822400
Роль: 783 - Время доступа: 2818800
Роль: 782 - Время доступа: 2815200
Роль: 781 - Время доступа: 2811600
Роль: 780 - Время доступа: 2808000
Роль: 779 - Время доступа: 2804400
Роль: 778 - Время доступа: 2800800
Роль: 777 - Время доступа: 2797200
Роль: 776 - Время доступа: 2793600
Роль: 775 - Время доступа: 2790000
Роль: 774 - Время доступа: 2786400
Роль: 773 - Время доступа: 2782800
Роль: 772 - Время доступа: 2779200
Роль: 771 - Время доступа: 2775600
Роль: 770 - Время доступа: 2772000
Роль: 769 - Время доступа: 2768400
Роль: 768 - Время доступа: 2764800
Роль: 767 - Время доступа: 2761200
Роль: 766 - Время доступа: 2757600
Роль: 765 - Время доступа: 2754000
Роль: 764 - Время доступа: 2750400
Роль: 763 - Время доступа: 2746800
Роль: 762 - Время доступа: 2743200
Роль: 761 - Время доступа: 2739600
Роль: 760 - Время доступа: 2736000
Роль: 759 - Время доступа: 2732400
Роль: 758 - Время доступа: 2728800
Роль: 757 - Время доступа: 2725200
Роль: 756 - Время доступа: 2721600
Роль: 755 - Время доступа: 2718000
Роль: 754 - Время доступа: 2714400
Роль: 753 - Время доступа: 2710800
Роль: 752 - Время доступа: 2707200
Роль: 751 - Время доступа: 2703600
Роль: 750 - Время доступа: 2700000
Роль: 749 - Время доступа: 2696400
Роль: 748 - Время доступа: 2692800
Роль: 747 - Время доступа: 2689200
Роль: 746 - Время доступа: 2685600
Роль: 745 - Время доступа: 2682000
Роль: 744 - Время доступа: 2678400
Роль: 743 - Время доступа: 2674800
Роль: 742 - Время доступа: 2671200
Роль: 741 - Время доступа: 2667600
Роль: 740 - Время доступа: 2664000
Роль: 739 - Время доступа: 2660400
Роль: 738 - Время доступа: 2656800
Роль: 737 - Время доступа: 2653200
Роль: 736 - Время доступа: 2649600
Роль: 735 - Время доступа: 2646000
Роль: 734 - Время доступа: 2642400
Роль: 733 - Время доступа: 2638800
Роль: 732 - Время доступа: 2635200
Роль: 731 - Время доступа: 2631600
Роль: 730 - Время доступа: 2628000
Роль: 729 - Время доступа: 2624400
Роль: 728 - Время доступа: 2620800
Роль: 727 - Время доступа: 2617200
Роль: 726 - Время доступа: 2613600
Роль: 725 - Время доступа: 2610000
Роль: 724 - Время доступа: 2606400
Роль: 723 - Время доступа: 2602800
Роль: 722 - Время доступа: 2599200
Роль: 721 - Время доступа: 2595600
Роль: 720 - Время доступа: 2592000
Роль: 719 - Время доступа: 2588400
Роль: 718 - Время доступа: 2584800
Роль: 717 - Время доступа: 2581200
Роль: 716 - Время доступа: 2577600
Роль: 715 - Время доступа: 2574000
Роль: 714 - Время доступа: 2570400
Роль: 713 - Время доступа: 2566800
Роль: 712 - Время доступа: 2563200
Роль: 711 - Время доступа: 2559600
Роль: 710 - Время доступа: 2556000
Роль: 709 - Время доступа: 2552400
Роль: 708 - Время доступа: 2548800
Роль: 707 - Время доступа: 2545200
Роль: 706 - Время доступа: 2541600
Роль: 705 - Время доступа: 2538000
Роль: 704 - Время доступа: 2534400
Роль: 703 - Время доступа: 2530800
Роль: 702 - Время доступа: 2527200
Роль: 701 - Время доступа: 2523600
Роль: 700 - Время доступа: 2520000
Роль: 699 - Время доступа: 2516400
Роль: 698 - Время доступа: 2512800
Роль: 697 - Время доступа: 2509200
Роль: 696 - Время доступа: 2505600
Роль: 695 - Время доступа: 2502000
Роль: 694 - Время доступа: 2498400
Роль: 693 - Время доступа: 2494800
Роль: 692 - Время доступа: 2491200
Роль: 691 - Время доступа: 2487600
Роль: 690 - Время доступа: 2484000
Роль: 689 - Время доступа: 2480400
Роль: 688 - Время доступа: 2476800
Роль: 687 - Время доступа: 2473200
Роль: 686 - Время доступа: 2469600
Роль: 685 - Время доступа: 2466000
Роль: 684 - Время доступа: 2462400
Роль: 683 - Время доступа: 2458800
Роль: 682 - Время доступа: 2455200
Роль: 681 - Время доступа: 2451600
Роль: 680 - Время доступа: 2448000
Роль: 679 - Время доступа: 2444400
Роль: 678 - Время доступа: 2440800
Роль: 677 - Время доступа: 2437200
Роль: 676 - Время доступа: 2433600
Роль: 675 - Время доступа: 2430000
Роль: 674 - Время доступа: 2426400
Роль: 673 - Время доступа: 2422800
Роль: 672 - Время доступа: 2419200
Роль: 671 - Время доступа: 2415600
Роль: 670 - Время доступа: 2412000
Роль: 669 - Время доступа: 2408400
Роль: 668 - Время доступа: 2404800
Роль: 667 - Время доступа: 2401200
Роль: 666 - Время доступа: 2397600
Роль: 665 - Время доступа: 2394000
Роль: 664 - Время доступа: 2390400
Роль: 663 - Время доступа: 2386800
Роль: 662 - Время доступа: 2383200
Роль: 661 - Время доступа: 2379600
Роль: 660 - Время доступа: 2376000
Роль: 659 - Время доступа: 2372400
Роль: 658 - Время доступа: 2368800
Роль: 657 - Время доступа: 2365200
Роль: 656 - Время доступа: 2361600
Роль: 655 - Время доступа: 2358000
Роль: 654 - Время доступа: 2354400
Роль: 653 - Время доступа: 2350800
Роль: 652 - Время доступа: 2347200
Роль: 651 - Время доступа: 2343600
Роль: 650 - Время доступа: 2340000
Роль: 649 - Время доступа: 2336400
Роль: 648 - Время доступа: 2332800
Роль: 647 - Время доступа: 2329200
Роль: 646 - Время доступа: 2325600
Роль: 645 - Время доступа: 2322000
Роль: 644 - Время доступа: 2318400
Роль: 643 - Время доступа: 2314800
Роль: 642 - Время доступа: 2311200
Роль: 641 - Время доступа: 2307600
Роль: 640 - Время доступа: 2304000
Роль: 639 - Время доступа: 2300400
Роль: 638 - Время доступа: 2296800
Роль: 637 - Время доступа: 2293200
Роль: 636 - Время доступа: 2289600
Роль: 635 - Время доступа: 2286000
Роль: 634 - Время доступа: 2282400
Роль: 633 - Время доступа: 2278800
Роль: 632 - Время доступа: 2275200
Роль: 631 - Время доступа: 2271600
Роль: 630 - Время доступа: 2268000
Роль: 629 - Время доступа: 2264400
Роль: 628 - Время доступа: 2260800
Роль: 627 - Время доступа: 2257200
Роль: 626 - Время доступа: 2253600
Роль: 625 - Время доступа: 2250000
Роль: 624 - Время доступа: 2246400
Роль: 623 - Время доступа: 2242800
Роль: 622 - Время доступа: 2239200
Роль: 621 - Время доступа: 2235600
Роль: 620 - Время доступа: 2232000
Роль: 619 - Время доступа: 2228400
Роль: 618 - Время доступа: 2224800
Роль: 617 - Время доступа: 2221200
Роль: 616 - Время доступа: 2217600
Роль: 615 - Время доступа: 2214000
Роль: 614 - Время доступа: 2210400
Роль: 613 - Время доступа: 2206800
Роль: 612 - Время доступа: 2203200
Роль: 611 - Время доступа: 2199600
Роль: 610 - Время доступа: 2196000
Роль: 609 - Время доступа: 2192400
Роль: 608 - Время доступа: 2188800
Роль: 607 - Время доступа: 2185200
Роль: 606 - Время доступа: 2181600
Роль: 605 - Время доступа: 2178000
Роль: 604 - Время доступа: 2174400
Роль: 603 - Время доступа: 2170800
Роль: 602 - Время доступа: 2167200
Роль: 601 - Время доступа: 2163600
Роль: 600 - Время доступа: 2160000
Роль: 599 - Время доступа: 2156400
Роль: 598 - Время доступа: 2152800
Роль: 597 - Время доступа: 2149200
Роль: 596 - Время доступа: 2145600
Роль: 595 - Время доступа: 2142000
Роль: 594 - Время доступа: 2138400
Роль: 593 - Время доступа: 2134800
Роль: 592 - Время доступа: 2131200
Роль: 591 - Время доступа: 2127600
Роль: 590 - Время доступа: 2124000
Роль: 589 - Время доступа: 2120400
Роль: 588 - Время доступа: 2116800
Роль: 587 - Время доступа: 2113200
Роль: 586 - Время доступа: 2109600
Роль: 585 - Время доступа: 2106000
Роль: 584 - Время доступа: 2102400
Роль: 583 - Время доступа: 2098800
Роль: 582 - Время доступа: 2095200
Роль: 581 - Время доступа: 2091600
Роль: 580 - Время доступа: 2088000
Роль: 579 - Время доступа: 2084400
Роль: 578 - Время доступа: 2080800
Роль: 577 - Время доступа: 2077200
Роль: 576 - Время доступа: 2073600
Роль: 575 - Время доступа: 2070000
Роль: 574 - Время доступа: 2066400
Роль: 573 - Время доступа: 2062800
Роль: 572 - Время доступа: 2059200
Роль: 571 - Время доступа: 2055600
Роль: 570 - Время доступа: 2052000
Роль: 569 - Время доступа: 2048400
Роль: 568 - Время доступа: 2044800
Роль: 567 - Время доступа: 2041200
Роль: 566 - Время доступа: 2037600
Роль: 565 - Время доступа: 2034000
Роль: 564 - Время доступа: 2030400
Роль: 563 - Время доступа: 2026800
Роль: 562 - Время доступа: 2023200
Роль: 561 - Время доступа: 2019600
Роль: 560 - Время доступа: 2016000
Роль: 559 - Время доступа: 2012400
Роль: 558 - Время доступа: 2008800
Роль: 557 - Время доступа: 2005200
Роль: 556 - Время доступа: 2001600
Роль: 555 - Время доступа: 1998000
Роль: 554 - Время доступа: 1994400
Роль: 553 - Время доступа: 1990800
Роль: 552 - Время доступа: 1987200
Роль: 551 - Время доступа: 1983600
Роль: 550 - Время доступа: 1980000
Роль: 549 - Время доступа: 1976400
Роль: 548 - Время доступа: 1972800
Роль: 547 - Время доступа: 1969200
Роль: 546 - Время доступа: 1965600
Роль: 545 - Время доступа: 1962000
Роль: 544 - Время доступа: 1958400
Роль: 543 - Время доступа: 1954800
Роль: 542 - Время доступа: 1951200
Роль: 541 - Время доступа: 1947600
Роль: 540 - Время доступа: 1944000
Роль: 539 - Время доступа: 1940400
Роль: 538 - Время доступа: 1936800
Роль: 537 - Время доступа: 1933200
Роль: 536 - Время доступа: 1929600
Роль: 535 - Время доступа: 1926000
Роль: 534 - Время доступа: 1922400
Роль: 533 - Время доступа: 1918800
Роль: 532 - Время доступа: 1915200
Роль: 531 - Время доступа: 1911600
Роль: 530 - Время доступа: 1908000
Роль: 529 - Время доступа: 1904400
Роль: 528 - Время доступа: 1900800
Роль: 527 - Время доступа: 1897200
Роль: 526 - Время доступа: 1893600
Роль: 525 - Время доступа: 1890000
Роль: 524 - Время доступа: 1886400
Роль: 523 - Время доступа: 1882800
Роль: 522 - Время доступа: 1879200
Роль: 521 - Время доступа: 1875600
Роль: 520 - Время доступа: 1872000
Роль: 519 - Время доступа: 1868400
Роль: 518 - Время доступа: 1864800
Роль: 517 - Время доступа: 1861200
Роль: 516 - Время доступа: 1857600
Роль: 515 - Время доступа: 1854000
Роль: 514 - Время доступа: 1850400
Роль: 513 - Время доступа: 1846800
Роль: 512 - Время доступа: 1843200
Роль: 511 - Время доступа: 1839600
Роль: 510 - Время доступа: 1836000
Роль: 509 - Время доступа: 1832400
Роль: 508 - Время доступа: 1828800
Роль: 507 - Время доступа: 1825200
Роль: 506 - Время доступа: 1821600
Роль: 505 - Время доступа: 1818000
Роль: 504 - Время доступа: 1814400
Роль: 503 - Время доступа: 1810800
Роль: 502 - Время доступа: 1807200
Роль: 501 - Время доступа: 1803600
Роль: 500 - Время доступа: 1800000
Роль: 499 - Время доступа: 1796400
Роль: 498 - Время доступа: 1792800
Роль: 497 - Время доступа: 1789200
Роль: 496 - Время доступа: 1785600
Роль: 495 - Время доступа: 1782000
Роль: 494 - Время доступа: 1778400
Роль: 493 - Время доступа: 1774800
Роль: 492 - Время доступа: 1771200
Роль: 491 - Время доступа: 1767600
Роль: 490 - Время доступа: 1764000
Роль: 489 - Время доступа: 1760400
Роль: 488 - Время доступа: 1756800
Роль: 487 - Время доступа: 1753200
Роль: 486 - Время доступа: 1749600
Роль: 485 - Время доступа: 1746000
Роль: 484 - Время доступа: 1742400
Роль: 483 - Время доступа: 1738800
Роль: 482 - Время доступа: 1735200
Роль: 481 - Время доступа: 1731600
Роль: 480 - Время доступа: 1728000
Роль: 479 - Время доступа: 1724400
Роль: 478 - Время доступа: 1720800
Роль: 477 - Время доступа: 1717200
Роль: 476 - Время доступа: 1713600
Роль: 475 - Время доступа: 1710000
Роль: 474 - Время доступа: 1706400
Роль: 473 - Время доступа: 1702800
Роль: 472 - Время доступа: 1699200
Роль: 471 - Время доступа: 1695600
Роль: 470 - Время доступа: 1692000
Роль: 469 - Время доступа: 1688400
Роль: 468 - Время доступа: 1684800
Роль: 467 - Время доступа: 1681200
Роль: 466 - Время доступа: 1677600
Роль: 465 - Время доступа: 1674000
Роль: 464 - Время доступа: 1670400
Роль: 463 - Время доступа: 1666800
Роль: 462 - Время доступа: 1663200
Роль: 461 - Время доступа: 1659600
Роль: 460 - Время доступа: 1656000
Роль: 459 - Время доступа: 1652400
Роль: 458 - Время доступа: 1648800
Роль: 457 - Время доступа: 1645200
Роль: 456 - Время доступа: 1641600
Роль: 455 - Время доступа: 1638000
Роль: 454 - Время доступа: 1634400
Роль: 453 - Время доступа: 1630800
Роль: 452 - Время доступа: 1627200
Роль: 451 - Время доступа: 1623600
Роль: 450 - Время доступа: 1620000
Роль: 449 - Время доступа: 1616400
Роль: 448 - Время доступа: 1612800
Роль: 447 - Время доступа: 1609200
Роль: 446 - Время доступа: 1605600
Роль: 445 - Время доступа: 1602000
Роль: 444 - Время доступа: 1598400
Роль: 443 - Время доступа: 1594800
Роль: 442 - Время доступа: 1591200
Роль: 441 - Время доступа: 1587600
Роль: 440 - Время доступа: 1584000
Роль: 439 - Время доступа: 1580400
Роль: 438 - Время доступа: 1576800
Роль: 437 - Время доступа: 1573200
Роль: 436 - Время доступа: 1569600
Роль: 435 - Время доступа: 1566000
Роль: 434 - Время доступа: 1562400
Роль: 433 - Время доступа: 1558800
Роль: 432 - Время доступа: 1555200
Роль: 431 - Время доступа: 1551600
Роль: 430 - Время доступа: 1548000
Роль: 429 - Время доступа: 1544400
Роль: 428 - Время доступа: 1540800
Роль: 427 - Время доступа: 1537200
Роль: 426 - Время доступа: 1533600
Роль: 425 - Время доступа: 1530000
Роль: 424 - Время доступа: 1526400
Роль: 423 - Время доступа: 1522800
Роль: 422 - Время доступа: 1519200
Роль: 421 - Время доступа: 1515600
Роль: 420 - Время доступа: 1512000
Роль: 419 - Время доступа: 1508400
Роль: 418 - Время доступа: 1504800
Роль: 417 - Время доступа: 1501200
Роль: 416 - Время доступа: 1497600
Роль: 415 - Время доступа: 1494000
Роль: 414 - Время доступа: 1490400
Роль: 413 - Время доступа: 1486800
Роль: 412 - Время доступа: 1483200
Роль: 411 - Время доступа: 1479600
Роль: 410 - Время доступа: 1476000
Роль: 409 - Время доступа: 1472400
Роль: 408 - Время доступа: 1468800
Роль: 407 - Время доступа: 1465200
Роль: 406 - Время доступа: 1461600
Роль: 405 - Время доступа: 1458000
Роль: 404 - Время доступа: 1454400
Роль: 403 - Время доступа: 1450800
Роль: 402 - Время доступа: 1447200
Роль: 401 - Время доступа: 1443600
Роль: 400 - Время доступа: 1440000
Роль: 399 - Время доступа: 1436400
Роль: 398 - Время доступа: 1432800
Роль: 397 - Время доступа: 1429200
Роль: 396 - Время доступа: 1425600
Роль: 395 - Время доступа: 1422000
Роль: 394 - Время доступа: 1418400
Роль: 393 - Время доступа: 1414800
Роль: 392 - Время доступа: 1411200
Роль: 391 - Время доступа: 1407600
Роль: 390 - Время доступа: 1404000
Роль: 389 - Время доступа: 1400400
Роль: 388 - Время доступа: 1396800
Роль: 387 - Время доступа: 1393200
Роль: 386 - Время доступа: 1389600
Роль: 385 - Время доступа: 1386000
Роль: 384 - Время доступа: 1382400
Роль: 383 - Время доступа: 1378800
Роль: 382 - Время доступа: 1375200
Роль: 381 - Время доступа: 1371600
Роль: 380 - Время доступа: 1368000
Роль: 379 - Время доступа: 1364400
Роль: 378 - Время доступа: 1360800
Роль: 377 - Время доступа: 1357200
Роль: 376 - Время доступа: 1353600
Роль: 375 - Время доступа: 1350000
Роль: 374 - Время доступа: 1346400
Роль: 373 - Время доступа: 1342800
Роль: 372 - Время доступа: 1339200
Роль: 371 - Время доступа: 1335600
Роль: 370 - Время доступа: 1332000
Роль: 369 - Время доступа: 1328400
Роль: 368 - Время доступа: 1324800
Роль: 367 - Время доступа: 1321200
Роль: 366 - Время доступа: 1317600
Роль: 365 - Время доступа: 1314000
Роль: 364 - Время доступа: 1310400
Роль: 363 - Время доступа: 1306800
Роль: 362 - Время доступа: 1303200
Роль: 361 - Время доступа: 1299600
Роль: 360 - Время доступа: 1296000
Роль: 359 - Время доступа: 1292400
Роль: 358 - Время доступа: 1288800
Роль: 357 - Время доступа: 1285200
Роль: 356 - Время доступа: 1281600
Роль: 355 - Время доступа: 1278000
Роль: 354 - Время доступа: 1274400
Роль: 353 - Время доступа: 1270800
Роль: 352 - Время доступа: 1267200
Роль: 351 - Время доступа: 1263600
Роль: 350 - Время доступа: 1260000
Роль: 349 - Время доступа: 1256400
Роль: 348 - Время доступа: 1252800
Роль: 347 - Время доступа: 1249200
Роль: 346 - Время доступа: 1245600
Роль: 345 - Время доступа: 1242000
Роль: 344 - Время доступа: 1238400
Роль: 343 - Время доступа: 1234800
Роль: 342 - Время доступа: 1231200
Роль: 341 - Время доступа: 1227600
Роль: 340 - Время доступа: 1224000
Роль: 339 - Время доступа: 1220400
Роль: 338 - Время доступа: 1216800
Роль: 337 - Время доступа: 1213200
Роль: 336 - Время доступа: 1209600
Роль: 335 - Время доступа: 1206000
Роль: 334 - Время доступа: 1202400
Роль: 333 - Время доступа: 1198800
Роль: 332 - Время доступа: 1195200
Роль: 331 - Время доступа: 1191600
Роль: 330 - Время доступа: 1188000
Роль: 329 - Время доступа: 1184400
Роль: 328 - Время доступа: 1180800
Роль: 327 - Время доступа: 1177200
Роль: 326 - Время доступа: 1173600
Роль: 325 - Время доступа: 1170000
Роль: 324 - Время доступа: 1166400
Роль: 323 - Время доступа: 1162800
Роль: 322 - Время доступа: 1159200
Роль: 321 - Время доступа: 1155600
Роль: 320 - Время доступа: 1152000
Роль: 319 - Время доступа: 1148400
Роль: 318 - Время доступа: 1144800
Роль: 317 - Время доступа: 1141200
Роль: 316 - Время доступа: 1137600
Роль: 315 - Время доступа: 1134000
Роль: 314 - Время доступа: 1130400
Роль: 313 - Время доступа: 1126800
Роль: 312 - Время доступа: 1123200
Роль: 311 - Время доступа: 1119600
Роль: 310 - Время доступа: 1116000
Роль: 309 - Время доступа: 1112400
Роль: 308 - Время доступа: 1108800
Роль: 307 - Время доступа: 1105200
Роль: 306 - Время доступа: 1101600
Роль: 305 - Время доступа: 1098000
Роль: 304 - Время доступа: 1094400
Роль: 303 - Время доступа: 1090800
Роль: 302 - Время доступа: 1087200
Роль: 301 - Время доступа: 1083600
Роль: 300 - Время доступа: 1080000
Роль: 299 - Время доступа: 1076400
Роль: 298 - Время доступа: 1072800
Роль: 297 - Время доступа: 1069200
Роль: 296 - Время доступа: 1065600
Роль: 295 - Время доступа: 1062000
Роль: 294 - Время доступа: 1058400
Роль: 293 - Время доступа: 1054800
Роль: 292 - Время доступа: 1051200
Роль: 291 - Время доступа: 1047600
Роль: 290 - Время доступа: 1044000
Роль: 289 - Время доступа: 1040400
Роль: 288 - Время доступа: 1036800
Роль: 287 - Время доступа: 1033200
Роль: 286 - Время доступа: 1029600
Роль: 285 - Время доступа: 1026000
Роль: 284 - Время доступа: 1022400
Роль: 283 - Время доступа: 1018800
Роль: 282 - Время доступа: 1015200
Роль: 281 - Время доступа: 1011600
Роль: 280 - Время доступа: 1008000
Роль: 279 - Время доступа: 1004400
Роль: 278 - Время доступа: 1000800
Роль: 277 - Время доступа: 997200
Роль: 276 - Время доступа: 993600
Роль: 275 - Время доступа: 990000
Роль: 274 - Время доступа: 986400
Роль: 273 - Время доступа: 982800
Роль: 272 - Время доступа: 979200
Роль: 271 - Время доступа: 975600
Роль: 270 - Время доступа: 972000
Роль: 269 - Время доступа: 968400
Роль: 268 - Время доступа: 964800
Роль: 267 - Время доступа: 961200
Роль: 266 - Время доступа: 957600
Роль: 265 - Время доступа: 954000
Роль: 264 - Время доступа: 950400
Роль: 263 - Время доступа: 946800
Роль: 262 - Время доступа: 943200
Роль: 261 - Время доступа: 939600
Роль: 260 - Время доступа: 936000
Роль: 259 - Время доступа: 932400
Роль: 258 - Время доступа: 928800
Роль: 257 - Время доступа: 925200
Роль: 256 - Время доступа: 921600
Роль: 255 - Время доступа: 918000
Роль: 254 - Время доступа: 914400
Роль: 253 - Время доступа: 910800
Роль: 252 - Время доступа: 907200
Роль: 251 - Время доступа: 903600
Роль: 250 - Время доступа: 900000
Роль: 249 - Время доступа: 896400
Роль: 248 - Время доступа: 892800
Роль: 247 - Время доступа: 889200
Роль: 246 - Время доступа: 885600
Роль: 245 - Время доступа: 882000
Роль: 244 - Время доступа: 878400
Роль: 243 - Время доступа: 874800
Роль: 242 - Время доступа: 871200
Роль: 241 - Время доступа: 867600
Роль: 240 - Время доступа: 864000
Роль: 239 - Время доступа: 860400
Роль: 238 - Время доступа: 856800
Роль: 237 - Время доступа: 853200
Роль: 236 - Время доступа: 849600
Роль: 235 - Время доступа: 846000
Роль: 234 - Время доступа: 842400
Роль: 233 - Время доступа: 838800
Роль: 232 - Время доступа: 835200
Роль: 231 - Время доступа: 831600
Роль: 230 - Время доступа: 828000
Роль: 229 - Время доступа: 824400
Роль: 228 - Время доступа: 820800
Роль: 227 - Время доступа: 817200
Роль: 226 - Время доступа: 813600
Роль: 225 - Время доступа: 810000
Роль: 224 - Время доступа: 806400
Роль: 223 - Время доступа: 802800
Роль: 222 - Время доступа: 799200
Роль: 221 - Время доступа: 795600
Роль: 220 - Время доступа: 792000
Роль: 219 - Время доступа: 788400
Роль: 218 - Время доступа: 784800
Роль: 217 - Время доступа: 781200
Роль: 216 - Время доступа: 777600
Роль: 215 - Время доступа: 774000
Роль: 214 - Время доступа: 770400
Роль: 213 - Время доступа: 766800
Роль: 212 - Время доступа: 763200
Роль: 211 - Время доступа: 759600
Роль: 210 - Время доступа: 756000
Роль: 209 - Время доступа: 752400
Роль: 208 - Время доступа: 748800
Роль: 207 - Время доступа: 745200
Роль: 206 - Время доступа: 741600
Роль: 205 - Время доступа: 738000
Роль: 204 - Время доступа: 734400
Роль: 203 - Время доступа: 730800
Роль: 202 - Время доступа: 727200
Роль: 201 - Время доступа: 723600
Роль: 200 - Время доступа: 720000
Роль: 199 - Время доступа: 716400
Роль: 198 - Время доступа: 712800
Роль: 197 - Время доступа: 709200
Роль: 196 - Время доступа: 705600
Роль: 195 - Время доступа: 702000
Роль: 194 - Время доступа: 698400
Роль: 193 - Время доступа: 694800
Роль: 192 - Время доступа: 691200
Роль: 191 - Время доступа: 687600
Роль: 190 - Время доступа: 684000
Роль: 189 - Время доступа: 680400
Роль: 188 - Время доступа: 676800
Роль: 187 - Время доступа: 673200
Роль: 186 - Время доступа: 669600
Роль: 185 - Время доступа: 666000
Роль: 184 - Время доступа: 662400
Роль: 183 - Время доступа: 658800
Роль: 182 - Время доступа: 655200
Роль: 181 - Время доступа: 651600
Роль: 180 - Время доступа: 648000
Роль: 179 - Время доступа: 644400
Роль: 178 - Время доступа: 640800
Роль: 177 - Время доступа: 637200
Роль: 176 - Время доступа: 633600
Роль: 175 - Время доступа: 630000
Роль: 174 - Время доступа: 626400
Роль: 173 - Время доступа: 622800
Роль: 172 - Время доступа: 619200
Роль: 171 - Время доступа: 615600
Роль: 170 - Время доступа: 612000
Роль: 169 - Время доступа: 608400
Роль: 168 - Время доступа: 604800
Роль: 167 - Время доступа: 601200
Роль: 166 - Время доступа: 597600
Роль: 165 - Время доступа: 594000
Роль: 164 - Время доступа: 590400
Роль: 163 - Время доступа: 586800
Роль: 162 - Время доступа: 583200
Роль: 161 - Время доступа: 579600
Роль: 160 - Время доступа: 576000
Роль: 159 - Время доступа: 572400
Роль: 158 - Время доступа: 568800
Роль: 157 - Время доступа: 565200
Роль: 156 - Время доступа: 561600
Роль: 155 - Время доступа: 558000
Роль: 154 - Время доступа: 554400
Роль: 153 - Время доступа: 550800
Роль: 152 - Время доступа: 547200
Роль: 151 - Время доступа: 543600
Роль: 150 - Время доступа: 540000
Роль: 149 - Время доступа: 536400
Роль: 148 - Время доступа: 532800
Роль: 147 - Время доступа: 529200
Роль: 146 - Время доступа: 525600
Роль: 145 - Время доступа: 522000
Роль: 144 - Время доступа: 518400
Роль: 143 - Время доступа: 514800
Роль: 142 - Время доступа: 511200
Роль: 141 - Время доступа: 507600
Роль: 140 - Время доступа: 504000
Роль: 139 - Время доступа: 500400
Роль: 138 - Время доступа: 496800
Роль: 137 - Время доступа: 493200
Роль: 136 - Время доступа: 489600
Роль: 135 - Время доступа: 486000
Роль: 134 - Время доступа: 482400
Роль: 133 - Время доступа: 478800
Роль: 132 - Время доступа: 475200
Роль: 131 - Время доступа: 471600
Роль: 130 - Время доступа: 468000
Роль: 129 - Время доступа: 464400
Роль: 128 - Время доступа: 460800
Роль: 127 - Время доступа: 457200
Роль: 126 - Время доступа: 453600
Роль: 125 - Время доступа: 450000
Роль: 124 - Время доступа: 446400
Роль: 123 - Время доступа: 442800
Роль: 122 - Время доступа: 439200
Роль: 121 - Время доступа: 435600
Роль: 120 - Время доступа: 432000
Роль: 119 - Время доступа: 428400
Роль: 118 - Время доступа: 424800
Роль: 117 - Время доступа: 421200
Роль: 116 - Время доступа: 417600
Роль: 115 - Время доступа: 414000
Роль: 114 - Время доступа: 410400
Роль: 113 - Время доступа: 406800
Роль: 112 - Время доступа: 403200
Роль: 111 - Время доступа: 399600
Роль: 110 - Время доступа: 396000
Роль: 109 - Время доступа: 392400
Роль: 108 - Время доступа: 388800
Роль: 107 - Время доступа: 385200
Роль: 106 - Время доступа: 381600
Роль: 105 - Время доступа: 378000
Роль: 104 - Время доступа: 374400
Роль: 103 - Время доступа: 370800
Роль: 102 - Время доступа: 367200
Роль: 101 - Время доступа: 363600
Роль: 100 - Время доступа: 360000
Роль: 99 - Время доступа: 356400
Роль: 98 - Время доступа: 352800
Роль: 97 - Время доступа: 349200
Роль: 96 - Время доступа: 345600
Роль: 95 - Время доступа: 342000
Роль: 94 - Время доступа: 338400
Роль: 93 - Время доступа: 334800
Роль: 92 - Время доступа: 331200
Роль: 91 - Время доступа: 327600
Роль: 90 - Время доступа: 324000
Роль: 89 - Время доступа: 320400
Роль: 88 - Время доступа: 316800
Роль: 87 - Время доступа: 313200
Роль: 86 - Время доступа: 309600
Роль: 85 - Время доступа: 306000
Роль: 84 - Время доступа: 302400
Роль: 83 - Время доступа: 298800
Роль: 82 - Время доступа: 295200
Роль: 81 - Время доступа: 291600
Роль: 80 - Время доступа: 288000
Роль: 79 - Время доступа: 284400
Роль: 78 - Время доступа: 280800
Роль: 77 - Время доступа: 277200
Роль: 76 - Время доступа: 273600
Роль: 75 - Время доступа: 270000
Роль: 74 - Время доступа: 266400
Роль: 73 - Время доступа: 262800
Роль: 72 - Время доступа: 259200
Роль: 71 - Время доступа: 255600
Роль: 70 - Время доступа: 252000
Роль: 69 - Время доступа: 248400
Роль: 68 - Время доступа: 244800
Роль: 67 - Время доступа: 241200
Роль: 66 - Время доступа: 237600
Роль: 65 - Время доступа: 234000
Роль: 64 - Время доступа: 230400
Роль: 63 - Время доступа: 226800
Роль: 62 - Время доступа: 223200
Роль: 61 - Время доступа: 219600
Роль: 60 - Время доступа: 216000
Роль: 59 - Время доступа: 212400
Роль: 58 - Время доступа: 208800
Роль: 57 - Время доступа: 205200
Роль: 56 - Время доступа: 201600
Роль: 55 - Время доступа: 198000
Роль: 54 - Время доступа: 194400
Роль: 53 - Время доступа: 190800
Роль: 52 - Время доступа: 187200
Роль: 51 - Время доступа: 183600
Роль: 50 - Время доступа: 180000
Роль: 49 - Время доступа: 176400
Роль: 48 - Время доступа: 172800
Роль: 47 - Время доступа: 169200
Роль: 46 - Время доступа: 165600
Роль: 45 - Время доступа: 162000
Роль: 44 - Время доступа: 158400
Роль: 43 - Время доступа: 154800
Роль: 42 - Время доступа: 151200
Роль: 41 - Время доступа: 147600
Роль: 40 - Время доступа: 144000
Роль: 39 - Время доступа: 140400
Роль: 38 - Время доступа: 136800
Роль: 37 - Время доступа: 133200
Роль: 36 - Время доступа: 129600
Роль: 35 - Время доступа: 126000
Роль: 34 - Время доступа: 122400
Роль: 33 - Время доступа: 118800
Роль: 32 - Время доступа: 115200
Роль: 31 - Время доступа: 111600
Роль: 30 - Время доступа: 108000
Роль: 29 - Время доступа: 104400
Роль: 28 - Время доступа: 100800
Роль: 27 - Время доступа: 97200
Роль: 26 - Время доступа: 93600
Роль: 25 - Время доступа: 90000
Роль: 24 - Время доступа: 86400
Роль: 23 - Время доступа: 82800
Роль: 22 - Время доступа: 79200
Роль: 21 - Время доступа: 75600
Роль: 20 - Время доступа: 72000
Роль: 19 - Время доступа: 68400
Роль: 18 - Время доступа: 64800
Роль: 17 - Время доступа: 61200
Роль: 16 - Время доступа: 57600
Роль: 15 - Время доступа: 54000
Роль: 14 - Время доступа: 50400
Роль: 13 - Время доступа: 46800
Роль: 12 - Время доступа: 43200
Роль: 11 - Время доступа: 39600
Роль: 10 - Время доступа: 36000
Роль: 9 - Время доступа: 32400
Роль: 8 - Время доступа: 28800
Роль: 7 - Время доступа: 25200
Роль: 6 - Время доступа: 21600
Роль: 5 - Время доступа: 18000
Роль: 4 - Время доступа: 14400
Роль: 3 - Время доступа: 10800
